If 'void' is the argument, it must stand alone.
SAD (No AST output...)
